Processing 44 subjects (parallel)
Window=20 step=8  super=20 super_step=5  bins=12
  [ 1/44] s0058  44.5s  OK  n_sup= 20  HR=112.0+/- 5.8  ABP= 71.2  MI=1.359  poly2=+0.707 exp=+0.135
  [ 2/44] s0064  49.8s  OK  n_sup= 20  HR=106.6+/- 8.8  ABP= 58.3  MI=1.235  poly2=+0.778 exp=+0.305
  [ 3/44] s0078  59.7s  OK  n_sup= 29  HR=138.8+/-10.9  ABP= 74.1  MI=1.272  poly2=+0.813 exp=+0.384
  [ 4/44] s0044  60.4s  OK  n_sup= 33  HR=160.1+/-12.8  ABP= 74.6  MI=1.293  poly2=+0.849 exp=+0.432
  [ 5/44] s0087  68.9s  OK  n_sup= 25  HR=140.4+/-11.5  ABP= 75.4  MI=1.141  poly2=+0.887 exp=+0.773
  [ 6/44] s0030  71.0s  OK  n_sup= 25  HR=146.8+/-10.0  ABP= 86.3  MI=1.134  poly2=+0.896 exp=+0.413
  [ 7/44] s0085  76.6s  OK  n_sup= 24  HR=130.7+/- 9.5  ABP= 79.1  MI=1.238  poly2=+0.877 exp=+0.611
  [ 8/44] s0070  81.4s  OK  n_sup= 18  HR= 95.1+/- 7.0  ABP= 96.6  MI=1.165  poly2=+0.653 exp=+0.112
  [ 9/44] s0098  47.2s  OK  n_sup= 34  HR=152.7+/-12.8  ABP= 84.9  MI=1.285  poly2=+0.925 exp=+0.397
  [10/44] s0097  48.8s  OK  n_sup= 28  HR=128.1+/-15.3  ABP= 77.4  MI=1.337  poly2=+0.803 exp=+0.668
  [11/44] s0091  65.2s  OK  n_sup= 19  HR=113.1+/- 7.7  ABP= 69.0  MI=1.327  poly2=+0.780 exp=+0.429
  [12/44] s0088  74.1s  OK  n_sup= 29  HR=148.0+/-15.7  ABP= 82.1  MI=1.346  poly2=+0.887 exp=+0.480
  [13/44] s0103  63.9s  OK  n_sup= 22  HR=113.1+/- 6.0  ABP= 74.5  MI=1.276  poly2=+0.717 exp=+0.397
  [14/44] s0101  66.9s  OK  n_sup= 23  HR=125.2+/-20.3  ABP= 89.9  MI=1.191  poly2=+0.905 exp=+0.663
  [15/44] s0135  68.1s  OK  n_sup= 28  HR=130.1+/-14.3  ABP= 83.0  MI=1.312  poly2=+0.549 exp=+0.201
  [16/44] s0112  77.3s  OK  n_sup= 27  HR=148.5+/-19.3  ABP= 63.2  MI=1.210  poly2=+0.824 exp=+0.630
  [17/44] s0142  54.3s  OK  n_sup= 23  HR=129.8+/-19.2  ABP= 91.8  MI=1.159  poly2=+0.865 exp=+0.525
  [18/44] s0152  60.0s  OK  n_sup= 26  HR=123.3+/-14.5  ABP= 78.4  MI=1.206  poly2=+0.803 exp=+0.588
  [19/44] s0073  54.3s  OK  n_sup= 23  HR=129.2+/-14.2  ABP= 70.5  MI=1.225  poly2=+0.784 exp=+0.381
  [20/44] s0076  61.5s  OK  n_sup= 18  HR=121.4+/- 3.0  ABP= 65.8  MI=1.307  poly2=+0.795 exp=+0.732
  [21/44] s0075  65.7s  OK  n_sup= 30  HR=154.5+/- 8.1  ABP= 74.8  MI=1.223  poly2=+0.819 exp=+0.097
  [22/44] s0170  87.1s  OK  n_sup= 23  HR=123.3+/-14.0  ABP= 69.9  MI=1.288  poly2=+0.851 exp=+0.685
  [23/44] s0082  74.1s  OK  n_sup= 22  HR=114.6+/-11.0  ABP= 79.6  MI=1.230  poly2=+0.892 exp=+0.737
  [24/44] s0080  78.4s  OK  n_sup= 33  HR=154.9+/-12.8  ABP= 76.0  MI=1.261  poly2=+0.814 exp=+0.492
  [25/44] s0093  67.4s  OK  n_sup= 32  HR=154.6+/- 3.6  ABP= 81.2  MI=1.257  poly2=+0.750 exp=+0.358
  [26/44] s0084  83.2s  OK  n_sup= 37  HR=138.0+/- 7.5  ABP= 71.1  MI=1.361  poly2=+0.452 exp=+0.097
  [27/44] s0094  72.6s  OK  n_sup= 29  HR=154.3+/-17.5  ABP= 80.4  MI=1.271  poly2=+0.876 exp=+0.285
  [28/44] s0099  69.1s  OK  n_sup= 35  HR=152.5+/-12.8  ABP= 71.4  MI=1.309  poly2=+0.891 exp=+0.552
  [29/44] s0105  82.2s  OK  n_sup= 31  HR=185.0+/- 6.4  ABP= 74.2  MI=1.274  poly2=+0.865 exp=+0.547
  [30/44] s0096  89.0s  OK  n_sup= 27  HR=122.8+/- 5.5  ABP= 51.5  MI=1.270  poly2=+0.552 exp=+0.225
  [31/44] s0126  58.9s  OK  n_sup= 25  HR=119.5+/- 3.7  ABP= 53.2  MI=1.315  poly2=+0.792 exp=+0.360
  [32/44] s0109  68.1s  OK  n_sup= 26  HR=139.2+/-15.4  ABP= 75.0  MI=1.111  poly2=+0.866 exp=+0.621
  [33/44] s0129  55.2s  OK  n_sup= 31  HR=163.0+/- 6.7  ABP= 69.7  MI=1.215  poly2=+0.909 exp=+0.736
  [34/44] s0128  62.1s  OK  n_sup= 27  HR=135.0+/-12.9  ABP= 72.0  MI=1.304  poly2=+0.722 exp=+0.200
  [35/44] s0107  80.7s  OK  n_sup= 32  HR=156.7+/-10.2  ABP= 69.1  MI=1.322  poly2=+0.758 exp=+0.506
  [36/44] s0171  47.4s  OK  n_sup= 15  HR=104.1+/- 5.7  ABP= 53.5  MI=1.310  poly2=+0.756 exp=+0.366
  [37/44] s0133  65.5s  OK  n_sup= 21  HR=103.9+/- 8.4  ABP= 67.5  MI=1.180  poly2=+0.688 exp=+0.363
  [38/44] s0149  55.6s  OK  n_sup= 27  HR=140.4+/-11.5  ABP= 66.0  MI=1.441  poly2=+0.812 exp=+0.586
  [39/44] s0131  81.5s  OK  n_sup= 33  HR=164.7+/- 8.1  ABP= 81.2  MI=1.182  poly2=+0.797 exp=+0.573
  [40/44] s0137  68.5s  OK  n_sup= 30  HR=140.6+/-10.7  ABP= 88.1  MI=1.286  poly2=+0.695 exp=+0.430
  [41/44] s0150  64.4s  OK  n_sup= 24  HR=128.5+/- 6.7  ABP= 70.0  MI=1.171  poly2=+0.897 exp=+0.677
  [42/44] s0198  53.3s  OK  n_sup= 31  HR=159.5+/-13.2  ABP= 71.1  MI=1.311  poly2=+0.583 exp=+0.240
  [43/44] s0173  62.6s  OK  n_sup= 34  HR=172.7+/-10.1  ABP= 62.2  MI=1.388  poly2=+0.562 exp=+0.299
  [44/44] s0202  43.2s  OK  n_sup= 25  HR=129.2+/-13.7  ABP= 70.8  MI=1.192  poly2=+0.826 exp=+0.497

Done in 391.5s (6.5 min)  OK: 44/44
Saved cerebro_disease_probe.json
