Expansion canary: 6 more families
window=25 step=10 super=30 super_step=6

  supraventricular_arr      svdb    /800                       fs=128 dur= 30.0min  RR= 1882    6.7s
      n_sup= 27  HR= 64.8+/-11.0  HRV= 75.7+/-57.1ms  MI=1.590+/-0.234  best=poly2 R^2=0.808
      poly1                R^2=+0.780
      poly2                R^2=+0.808
      exp_INFO025          R^2=+0.627
      physics_INFO025      R^2=+0.406
  ventricular_malignant     vfdb    /418                       fs=250 dur= 35.0min  RR= 3893   14.0s
      n_sup= 60  HR=118.1+/- 8.0  HRV= 89.1+/-49.8ms  MI=1.249+/-0.271  best=poly2 R^2=0.896
      poly1                R^2=+0.876
      poly2                R^2=+0.896
      exp_INFO025          R^2=+0.154
      physics_INFO025      R^2=+0.279
  arrhythmia_mixed          mitdb   /100                       fs=360 dur= 30.1min  RR= 2272   12.6s
      n_sup= 33  HR= 75.5+/- 2.2  HRV= 38.4+/-19.2ms  MI=1.140+/-0.237  best=poly2 R^2=0.851
      poly1                R^2=+0.839
      poly2                R^2=+0.851
      exp_INFO025          R^2=+0.226
      physics_INFO025      R^2=+0.152
  ptb_myocardial_inf        FAIL: NetFileNotFoundError: 404 Error: Not Found for url: https://physionet.org/files/ptbdb/1.0.0/s0010_re.hea
  ltaf_long_term            ltafdb  /00                        fs=128 dur=120.0min  RR= 6720  208.1s
      n_sup=107  HR= 81.1+/-21.3  HRV= 42.2+/-50.6ms  MI=1.016+/-0.369  best=poly2 R^2=0.849
      poly1                R^2=+0.810
      poly2                R^2=+0.849
      exp_INFO025          R^2=+0.400
      physics_INFO025      R^2=+0.250
  driver_stress_v2          FAIL: ValueError: Digital filter critical frequencies must be 0 < Wn < 1

Done in 208.4s
