============================================================
ECG canary: 5 Fantasia records, R-peak detection, HR/HRV windows
============================================================

[f1y01] fetching...
  signals=['RESP', 'ECG'] fs=250 duration=7225s
  ECG channel idx=1 name=ECG
  R-peaks=8709 valid_RR=8708 RR_mean=0.830s RR_std=0.093s
  windows=579 HR=[63.5, 93.1] bpm HRV=[26.1, 162.1] ms (SDNN-30beat)

[f1y02] fetching...
  signals=['RESP', 'ECG'] fs=250 duration=7234s
  ECG channel idx=1 name=ECG
  R-peaks=7035 valid_RR=7034 RR_mean=1.028s RR_std=0.102s
  windows=467 HR=[52.4, 80.5] bpm HRV=[25.6, 186.4] ms (SDNN-30beat)

[f1y03] fetching...
  signals=['RESP', 'ECG'] fs=250 duration=7273s
  ECG channel idx=1 name=ECG
  R-peaks=7643 valid_RR=7642 RR_mean=0.952s RR_std=0.066s
  windows=508 HR=[56.6, 74.6] bpm HRV=[19.7, 101.3] ms (SDNN-30beat)

[f1o01] fetching...
  signals=['RESP', 'ECG'] fs=250 duration=7252s
  ECG channel idx=1 name=ECG
  R-peaks=7172 valid_RR=7171 RR_mean=1.011s RR_std=0.050s
  windows=477 HR=[54.6, 69.5] bpm HRV=[7.6, 148.2] ms (SDNN-30beat)

[f1o02] fetching...
  signals=['RESP', 'ECG'] fs=250 duration=7244s
  ECG channel idx=1 name=ECG
  R-peaks=6823 valid_RR=6822 RR_mean=1.062s RR_std=0.044s
  windows=453 HR=[53.5, 62.8] bpm HRV=[6.0, 134.6] ms (SDNN-30beat)

Canary done in 197.7s (3.3 min)
Wrote ekg_canary.json
