[four_force_probe] mode=full cfg={'N_ens': 600, 'T': 30.0, 'dt': 0.02} seed=22

  force=em  elapsed=0.9s  (sim=0.1s op=0.5s)  n_points=1200
    op_means = ['+0.115', '+0.084', '+0.145', '+0.141', '+0.095', '+0.308']
    SV deg2 = ['1.645e+01', '8.424e+00', '7.708e+00', '4.145e+00', '3.253e+00', '3.326e-01']
    eigvals = ['2.256e-01', '5.918e-02', '4.956e-02', '1.433e-02', '8.825e-03', '9.227e-05']
    KBK signal_rank=5  null_rank=1  gap_ratio=9.78e+00
    extract_v1 v_null 6D = ['-0.0123', '+0.0035', '-0.4007', '-0.3948', '+0.7807', '+0.2719']
    [2,3,4] projection = ['-0.4164', '-0.4102', '+0.8113']  cos to (+,+,+) = +0.3250
    AI Poincare two-NN(z) = 3.081
    Levina-Bickel dim = 2.366 +/- 0.845
    local-PCA k=10 mean=2.34 median=2.0 std=0.51
    local-PCA k=25 mean=2.46 median=2.0 std=0.50
    local-PCA k=50 mean=2.38 median=2.0 std=0.50
    local-PCA k=100 mean=2.33 median=2.0 std=0.52
    KBK symbolic relations (sparse):
      null[0] sparse: -0.4007*H_a^2 -0.3948*H_b^2 +0.7808*H_a*H_b +0.2719*MI ~ 0  resid_std=1.032e-02
      null[1] sparse: +0.7248*H_a^2 -0.6889*H_b^2 ~ 0  resid_std=9.693e-02
      null[2] sparse: +0.2609*H_b +0.2994*H_a^2 +0.3208*H_b^2 +0.8599*MI ~ 0  resid_std=1.261e-01

  force=weak  elapsed=0.9s  (sim=0.1s op=0.6s)  n_points=1200
    op_means = ['-1.488', '-1.483', '+2.343', '+2.338', '+2.339', '+0.215']
    SV deg2 = ['5.890e+01', '4.079e+00', '2.042e+00', '9.968e-01', '2.258e-01', '4.657e-02']
    eigvals = ['2.894e+00', '1.388e-02', '3.478e-03', '8.287e-04', '4.254e-05', '1.809e-06']
    KBK signal_rank=1  null_rank=5  gap_ratio=1.44e+01
    extract_v1 v_null 6D = ['-0.0708', '+0.0683', '-0.4296', '-0.3831', '+0.8118', '-0.0040']
    [2,3,4] projection = ['-0.4317', '-0.3849', '+0.8157']  cos to (+,+,+) = +0.3327
    AI Poincare two-NN(z) = 2.663
    Levina-Bickel dim = 2.693 +/- 1.100
    local-PCA k=10 mean=2.66 median=3.0 std=0.48
    local-PCA k=25 mean=2.65 median=3.0 std=0.50
    local-PCA k=50 mean=2.62 median=3.0 std=0.49
    local-PCA k=100 mean=2.56 median=3.0 std=0.50
    KBK symbolic relations (sparse):
      null[0] sparse: -0.4317*H_a^2 -0.3849*H_b^2 +0.8157*H_a*H_b ~ 0  resid_std=3.842e-03
      null[1] sparse: -0.6485*H_a +0.6960*H_b -0.1633*H_a^2 +0.2613*H_b^2 ~ 0  resid_std=7.259e-02
      null[2] sparse: +1.0000*MI ~ 0  resid_std=3.822e-02

  force=strong  elapsed=0.9s  (sim=0.1s op=0.5s)  n_points=1200
    op_means = ['-0.025', '-0.032', '+0.045', '+0.049', '+0.046', '+0.251']
    SV deg2 = ['1.051e+01', '3.161e+00', '1.480e+00', '8.490e-01', '2.747e-01', '1.793e-02']
    eigvals = ['9.205e-02', '8.331e-03', '1.828e-03', '6.012e-04', '6.293e-05', '2.683e-07']
    KBK signal_rank=5  null_rank=1  gap_ratio=1.53e+01
    extract_v1 v_null 6D = ['+0.0072', '-0.0074', '-0.4148', '-0.4029', '+0.8158', '-0.0007']
    [2,3,4] projection = ['-0.4149', '-0.4029', '+0.8158']  cos to (+,+,+) = +0.3323
    AI Poincare two-NN(z) = 2.354
    Levina-Bickel dim = 2.543 +/- 1.111
    local-PCA k=10 mean=2.56 median=3.0 std=0.50
    local-PCA k=25 mean=2.69 median=3.0 std=0.46
    local-PCA k=50 mean=2.65 median=3.0 std=0.52
    local-PCA k=100 mean=2.57 median=3.0 std=0.50
    KBK symbolic relations (sparse):
      null[0] sparse: -0.4149*H_a^2 -0.4029*H_b^2 +0.8158*H_a*H_b ~ 0  resid_std=5.855e-04
      null[1] sparse: +0.7362*H_a^2 -0.6767*H_b^2 ~ 0  resid_std=9.049e-03
      null[2] sparse: +0.7098*H_a -0.6846*H_b -0.1658*MI ~ 0  resid_std=2.449e-02

  force=gravity  elapsed=0.9s  (sim=0.1s op=0.5s)  n_points=1200
    op_means = ['+0.173', '+0.189', '+0.066', '+0.066', '+0.066', '+0.315']
    SV deg2 = ['9.974e+00', '3.659e+00', '2.182e+00', '5.987e-01', '1.675e-01', '1.077e-02']
    eigvals = ['8.297e-02', '1.117e-02', '3.969e-03', '2.989e-04', '2.340e-05', '9.666e-08']
    KBK signal_rank=5  null_rank=1  gap_ratio=1.56e+01
    extract_v1 v_null 6D = ['-0.0234', '+0.0247', '-0.3809', '-0.4361', '+0.8146', '-0.0003']
    [2,3,4] projection = ['-0.3811', '-0.4364', '+0.8151']  cos to (+,+,+) = +0.3317
    AI Poincare two-NN(z) = 2.691
    Levina-Bickel dim = 2.509 +/- 1.034
    local-PCA k=10 mean=2.60 median=3.0 std=0.49
    local-PCA k=25 mean=2.66 median=3.0 std=0.47
    local-PCA k=50 mean=2.53 median=3.0 std=0.50
    local-PCA k=100 mean=2.46 median=2.0 std=0.50
    KBK symbolic relations (sparse):
      null[0] sparse: -0.3811*H_a^2 -0.4364*H_b^2 +0.8151*H_a*H_b ~ 0  resid_std=7.086e-04
      null[1] sparse: +0.1583*H_a -0.2073*H_b -0.6653*H_a^2 +0.6995*H_b^2 ~ 0  resid_std=8.530e-03
      null[2] sparse: -0.6770*H_a +0.6843*H_b -0.1122*H_a^2 +0.2465*H_b^2 ~ 0  resid_std=1.815e-02

  cross-force cosines (smallest extract_v1 null):
    6D  cos(em__weak) = +0.9571
    6D  cos(em__strong) = +0.9618
    6D  cos(em__gravity) = +0.9610
    6D  cos(weak__strong) = +0.9938
    6D  cos(weak__gravity) = +0.9953
    6D  cos(strong__gravity) = +0.9979
    234 cos(em__weak) = +0.9996
    234 cos(em__strong) = +1.0000
    234 cos(em__gravity) = +0.9990
    234 cos(weak__strong) = +0.9997
    234 cos(weak__gravity) = +0.9974
    234 cos(strong__gravity) = +0.9989

[four_force_probe] wrote four_force_probe_results_seed22.json elapsed=3.6s
