
==============================================================================
PROBLEM 2: simulator_4domain
==============================================================================
Built 8 payloads. Classes:
label
physics_duffing      2
biology_lotka        2
chemistry_brussel    2
geology_bk           2
  problem=simulator_4domain initialized: 45 features, label=label, test_frac=0.0, classifier=rf
  ingest: added 8 new rows  total store size=8
  split breakdown: {'train': np.int64(8)}
  label distribution (train): {'physics_duffing': np.int64(2), 'biology_lotka': np.int64(2), 'chemistry_brussel': np.int64(2), 'geology_bk': np.int64(2)}
  WARN: train=8 test=0 too small

  held-out: acc=None  bal=None
  CV-on-train: acc=0.25  bal=0.25

=== simulator_4domain history (1 runs) ===
 run   n_tr   n_te  cls   heldout   cv_acc   cv_bal     d_cv  note
   1      8      0    4       -      0.250    0.250      -    prior_data_bulk_ingest_8records


==============================================================================
PROBLEM 3: four_force_caricature
==============================================================================
Built 8 payloads. Classes:
label
em         2
weak       2
strong     2
gravity    2
  problem=four_force_caricature initialized: 45 features, label=label, test_frac=0.0, classifier=rf
  ingest: added 8 new rows  total store size=8
  split breakdown: {'train': np.int64(8)}
  label distribution (train): {'em': np.int64(2), 'weak': np.int64(2), 'strong': np.int64(2), 'gravity': np.int64(2)}
  WARN: train=8 test=0 too small

  held-out: acc=None  bal=None
  CV-on-train: acc=0.25  bal=0.25

=== four_force_caricature history (1 runs) ===
 run   n_tr   n_te  cls   heldout   cv_acc   cv_bal     d_cv  note
   1      8      0    4       -      0.250    0.250      -    prior_data_bulk_ingest_8records
