Building baseline M (linear drift, N_REAL=500, master_seed=0)...
  M shape: (2000, 6)
  op_means: [3.6569, 3.657, 13.3728, 13.3735, 13.3731, 3.0393]
  col_sds:  [0.0022, 0.0022, 0.0158, 0.0161, 0.0114, 0.0483]
  cov diag: [0.0, 0.0, 0.0003, 0.0003, 0.0001, 0.0023]

========================================================================
  VARIANT: iid_unit
========================================================================
  seed=0: v3=(+0.6831, +0.7257, +0.0820)  SV_gap=1.01e+00
  seed=1: v3=(-0.8942, -0.4391, +0.0866)  SV_gap=1.02e+00
  seed=2: v3=(-0.5625, -0.3861, +0.7311)  SV_gap=1.00e+00
  seed=3: v3=(+0.5334, +0.6967, +0.4796)  SV_gap=1.01e+00
  seed=4: v3=(-0.3504, +0.6214, +0.7007)  SV_gap=1.02e+00
  seed=5: v3=(-0.3515, -0.2545, +0.9009)  SV_gap=1.02e+00
  seed=6: v3=(-0.6298, +0.3548, +0.6910)  SV_gap=1.01e+00
  seed=7: v3=(+0.2916, +0.7500, +0.5937)  SV_gap=1.01e+00
  seed=8: v3=(+0.3377, -0.6008, +0.7246)  SV_gap=1.02e+00
  seed=9: v3=(-0.6968, +0.2080, +0.6864)  SV_gap=1.03e+00
  mean_v3:                (-0.2669, +0.2729, +0.9243)
  cos to (+1,+1,+2)/sqrt6: +0.7571
  cos to (-1,-1,+2)/sqrt6: +0.7522
  mean inter-seed cos:     +0.3080
  per-coord SD across seeds: (0.541, 0.512, 0.262)

========================================================================
  VARIANT: iid_col_scaled
========================================================================
  seed=0: v3=(+0.1445, +0.9765, +0.1600)  SV_gap=1.38e+00
  seed=1: v3=(+0.6645, +0.4292, +0.6117)  SV_gap=1.38e+00
  seed=2: v3=(-0.3146, +0.1570, +0.9362)  SV_gap=1.43e+00
  seed=3: v3=(+0.7468, +0.3496, +0.5657)  SV_gap=1.41e+00
  seed=4: v3=(+0.1934, +0.3202, +0.9274)  SV_gap=1.39e+00
  seed=5: v3=(-0.0560, +0.1185, +0.9914)  SV_gap=1.47e+00
  seed=6: v3=(+0.2411, -0.8084, +0.5370)  SV_gap=1.38e+00
  seed=7: v3=(+0.2964, +0.3027, +0.9058)  SV_gap=1.38e+00
  seed=8: v3=(-0.9121, -0.3666, +0.1838)  SV_gap=1.43e+00
  seed=9: v3=(-0.3325, +0.5892, +0.7364)  SV_gap=1.37e+00
  mean_v3:                (+0.0972, +0.2994, +0.9492)
  cos to (+1,+1,+2)/sqrt6: +0.9369
  cos to (-1,-1,+2)/sqrt6: +0.6130
  mean inter-seed cos:     +0.4189
  per-coord SD across seeds: (0.469, 0.469, 0.288)

========================================================================
  VARIANT: cov_matched
========================================================================
  seed=0: v3=(+0.5294, +0.3320, +0.7807)  SV_gap=3.07e+03
  seed=1: v3=(+0.4816, +0.3504, +0.8033)  SV_gap=3.03e+03
  seed=2: v3=(+0.5125, +0.3228, +0.7958)  SV_gap=3.10e+03
  seed=3: v3=(+0.5105, +0.3489, +0.7859)  SV_gap=3.10e+03
  seed=4: v3=(+0.4962, +0.3634, +0.7885)  SV_gap=3.03e+03
  seed=5: v3=(+0.4975, +0.3419, +0.7972)  SV_gap=3.10e+03
  seed=6: v3=(+0.4607, +0.3876, +0.7985)  SV_gap=2.93e+03
  seed=7: v3=(+0.5208, +0.3603, +0.7739)  SV_gap=3.08e+03
  seed=8: v3=(+0.5091, +0.4014, +0.7614)  SV_gap=3.03e+03
  seed=9: v3=(+0.5574, +0.2879, +0.7787)  SV_gap=2.97e+03
  mean_v3:                (+0.5080, +0.3500, +0.7871)
  cos to (+1,+1,+2)/sqrt6: +0.9929
  cos to (-1,-1,+2)/sqrt6: +0.2924
  mean inter-seed cos:     +0.9981
  per-coord SD across seeds: (0.025, 0.031, 0.012)

  Total: 4.7s
  Results: /home/user/Basic_equations/probe_operator_noise_results.json
