Running scrambled_baseline_joint, N_REAL=500, 30 seeds...
  s= 0: v3=(-0.803,+0.546,+0.240)  cos(+,+,+)=+0.091  cos(-,-,+)=+0.301  SV3/SV4=2.11e+03
  s= 1: v3=(-0.079,-0.665,+0.742)  cos(+,+,+)=+0.302  cos(-,-,+)=+0.910  SV3/SV4=2.10e+03
  s= 2: v3=(-0.629,-0.145,+0.764)  cos(+,+,+)=+0.308  cos(-,-,+)=+0.939  SV3/SV4=2.19e+03
  s= 3: v3=(-0.715,+0.020,+0.699)  cos(+,+,+)=+0.288  cos(-,-,+)=+0.854  SV3/SV4=2.06e+03
  s= 4: v3=(-0.790,+0.566,+0.237)  cos(+,+,+)=+0.102  cos(-,-,+)=+0.285  SV3/SV4=2.09e+03
  s= 5: v3=(-0.782,+0.204,+0.589)  cos(+,+,+)=+0.245  cos(-,-,+)=+0.717  SV3/SV4=2.10e+03
  s= 6: v3=(-0.814,+0.485,+0.319)  cos(+,+,+)=+0.126  cos(-,-,+)=+0.395  SV3/SV4=1.98e+03
  s= 7: v3=(+0.009,-0.717,+0.697)  cos(+,+,+)=+0.280  cos(-,-,+)=+0.858  SV3/SV4=2.23e+03
  s= 8: v3=(+0.653,-0.755,+0.059)  cos(+,+,+)=+0.006  cos(-,-,+)=+0.090  SV3/SV4=2.31e+03
  s= 9: v3=(+0.700,-0.714,+0.005)  cos(+,+,+)=-0.002  cos(-,-,+)=+0.010  SV3/SV4=1.96e+03
  s=10: v3=(-0.708,+0.706,+0.001)  cos(+,+,+)=+0.000  cos(-,-,+)=+0.002  SV3/SV4=1.99e+03
  s=11: v3=(-0.813,+0.356,+0.460)  cos(+,+,+)=+0.189  cos(-,-,+)=+0.562  SV3/SV4=2.04e+03
  s=12: v3=(-0.717,+0.693,+0.068)  cos(+,+,+)=+0.046  cos(-,-,+)=+0.065  SV3/SV4=2.31e+03
  s=13: v3=(+0.316,-0.816,+0.484)  cos(+,+,+)=+0.191  cos(-,-,+)=+0.599  SV3/SV4=2.25e+03
  s=14: v3=(+0.492,-0.812,+0.315)  cos(+,+,+)=+0.127  cos(-,-,+)=+0.388  SV3/SV4=2.45e+03
  s=15: v3=(-0.719,+0.694,+0.036)  cos(+,+,+)=+0.018  cos(-,-,+)=+0.040  SV3/SV4=2.21e+03
  s=16: v3=(-0.785,+0.590,+0.188)  cos(+,+,+)=+0.074  cos(-,-,+)=+0.234  SV3/SV4=2.10e+03
  s=17: v3=(-0.830,+0.336,+0.446)  cos(+,+,+)=+0.162  cos(-,-,+)=+0.566  SV3/SV4=2.08e+03
  s=18: v3=(-0.820,+0.450,+0.354)  cos(+,+,+)=+0.138  cos(-,-,+)=+0.440  SV3/SV4=2.14e+03
  s=19: v3=(-0.690,-0.045,+0.723)  cos(+,+,+)=+0.290  cos(-,-,+)=+0.890  SV3/SV4=2.10e+03
  s=20: v3=(+0.267,-0.792,+0.549)  cos(+,+,+)=+0.234  cos(-,-,+)=+0.662  SV3/SV4=2.28e+03
  s=21: v3=(+0.655,-0.749,+0.098)  cos(+,+,+)=+0.041  cos(-,-,+)=+0.118  SV3/SV4=2.15e+03
  s=22: v3=(+0.293,-0.804,+0.517)  cos(+,+,+)=+0.213  cos(-,-,+)=+0.631  SV3/SV4=2.41e+03
  s=23: v3=(-0.711,+0.703,+0.018)  cos(+,+,+)=+0.011  cos(-,-,+)=+0.018  SV3/SV4=1.97e+03
  s=24: v3=(-0.751,+0.097,+0.653)  cos(+,+,+)=+0.266  cos(-,-,+)=+0.800  SV3/SV4=1.88e+03
  s=25: v3=(+0.002,-0.710,+0.704)  cos(+,+,+)=+0.285  cos(-,-,+)=+0.864  SV3/SV4=1.93e+03
  s=26: v3=(+0.428,-0.815,+0.391)  cos(+,+,+)=+0.162  cos(-,-,+)=+0.477  SV3/SV4=2.00e+03
  s=27: v3=(+0.551,-0.796,+0.251)  cos(+,+,+)=+0.104  cos(-,-,+)=+0.305  SV3/SV4=2.43e+03
  s=28: v3=(-0.769,+0.623,+0.142)  cos(+,+,+)=+0.056  cos(-,-,+)=+0.175  SV3/SV4=2.19e+03
  s=29: v3=(-0.745,+0.661,+0.091)  cos(+,+,+)=+0.041  cos(-,-,+)=+0.109  SV3/SV4=2.18e+03

mean v3 across 30 seeds: (-0.6473, -0.1117, +0.7540)
cos to (+,+,+)/sqrt6: +0.3057
cos to (-,-,+)/sqrt6: +0.9255
per-coord SD across seeds: (0.571, 0.617, 0.254)
inter-seed cos: mean=+0.203  median=+0.491  min=-1.000  max=+1.000
inter-seed cos histogram bins [-1,-0.5,0,0.5,1]: [112, 68, 39, 216]

per-seed cos to (+,+,+): mean=+0.146  SD=0.103  min=-0.002  max=+0.308
per-seed cos to (-,-,+): mean=+0.443  SD=0.312  min=+0.002  max=+0.939

Total: 146.4s
