mode=full  N_REAL=500  seeds=(0, 1, 2)  cases=7
out=/home/user/Basic_equations/probe_null_inputs_results.json

========================================================================
  CASE: scrambled_baseline_joint
========================================================================
  seed=0: v3=(-0.8027, +0.5460, +0.2400)
          null_full=[-0.7111, 0.6937, 0.0916, -0.0623, -0.0274, 0.0]
          SVs=['3.036e+00', '1.684e+00', '4.053e-01', '1.922e-04', '5.132e-05', '3.889e-05']
          op_means=[4.5641, 4.5641, 20.8307, 20.8312, 20.831, 3.2128]
  seed=1: v3=(-0.0794, -0.6654, +0.7422)
          null_full=[0.6806, -0.6866, 0.0203, 0.1701, -0.1897, 0.0]
          SVs=['3.029e+00', '1.692e+00', '4.056e-01', '1.927e-04', '4.859e-05', '4.224e-05']
          op_means=[4.5643, 4.5643, 20.833, 20.8332, 20.8331, 3.2126]
  seed=2: v3=(-0.6291, -0.1446, +0.7638)
          null_full=[-0.6872, 0.6596, 0.1916, 0.0441, -0.2326, 0.0]
          SVs=['3.200e+00', '1.681e+00', '4.230e-01', '1.934e-04', '5.522e-05', '4.495e-05']
          op_means=[4.5643, 4.5643, 20.8326, 20.8325, 20.8325, 3.2117]
  mean_v3:                (-0.6502, -0.1136, +0.7512)
  cos to (+1,+1,+2)/sqrt6: +0.3016
  cos to (-1,-1,+2)/sqrt6: +0.9252
  inter-seed cos pairs:    ['-0.1215', '+0.6092', '+0.7131']
  mean inter-seed cos:     +0.4003
  elapsed: 14.6s

========================================================================
  CASE: scrambled_baseline_indep
========================================================================
  seed=0: v3=(+0.5331, +0.2098, +0.8196)
          null_full=[-0.8318, -0.5466, 0.0515, 0.0203, 0.0792, -0.0]
          SVs=['2.290e+00', '1.834e+00', '1.129e+00', '1.079e-03', '1.494e-04', '9.955e-05']
          op_means=[4.5641, 4.5642, 20.8307, 20.832, 20.8314, 1.0045]
  seed=1: v3=(+0.2952, +0.4209, +0.8577)
          null_full=[0.6454, 0.7575, -0.0288, -0.0411, -0.0838, 0.0]
          SVs=['2.195e+00', '1.777e+00', '1.127e+00', '9.524e-04', '1.402e-04', '8.892e-05']
          op_means=[4.5643, 4.5643, 20.833, 20.8327, 20.8328, 1.0052]
  seed=2: v3=(+0.3894, +0.4107, +0.8244)
          null_full=[-0.6946, -0.7131, 0.037, 0.039, 0.0783, -0.0]
          SVs=['2.240e+00', '1.825e+00', '1.137e+00', '1.024e-03', '1.391e-04', '9.488e-05']
          op_means=[4.5643, 4.5643, 20.8326, 20.8325, 20.8325, 1.0042]
  mean_v3:                (+0.4099, +0.3506, +0.8421)
  cos to (+1,+1,+2)/sqrt6: +0.9980
  cos to (-1,-1,+2)/sqrt6: +0.3771
  inter-seed cos pairs:    ['+0.9487', '+0.9695', '+0.9950']
  mean inter-seed cos:     +0.9710
  elapsed: 14.9s

========================================================================
  CASE: scrambled_OU_joint
========================================================================
  seed=0: v3=(+0.3922, +0.3574, +0.8476)
          null_full=[-0.6662, -0.6351, 0.1533, 0.1397, 0.3314, 0.0001]
          SVs=['9.102e+00', '7.730e+00', '2.231e+00', '2.985e-01', '1.530e-01', '1.032e-01']
          op_means=[1.0371, 1.0441, 1.0809, 1.0959, 1.0828, 0.7208]
  seed=1: v3=(+0.3245, +0.4296, +0.8427)
          null_full=[0.606, 0.6947, -0.1257, -0.1664, -0.3265, 0.0011]
          SVs=['8.875e+00', '7.397e+00', '2.189e+00', '2.807e-01', '1.386e-01', '1.034e-01']
          op_means=[1.0501, 1.0469, 1.1079, 1.101, 1.0994, 0.7206]
  seed=2: v3=(+0.3629, +0.4278, +0.8278)
          null_full=[-0.6265, -0.6783, 0.1393, 0.1643, 0.3178, 0.0013]
          SVs=['9.348e+00', '7.441e+00', '2.207e+00', '2.807e-01', '1.410e-01', '1.156e-01']
          op_means=[1.049, 1.0452, 1.1057, 1.0979, 1.0967, 0.7221]
  mean_v3:                (+0.3602, +0.4053, +0.8402)
  cos to (+1,+1,+2)/sqrt6: +0.9986
  cos to (-1,-1,+2)/sqrt6: +0.3735
  inter-seed cos pairs:    ['+0.9951', '+0.9969', '+0.9992']
  mean inter-seed cos:     +0.9970
  elapsed: 19.4s

========================================================================
  CASE: near_constant
========================================================================
  seed=0: v3=(+0.5069, +0.3508, +0.7874)
          null_full=[-0.7684, -0.6353, -0.0392, -0.0271, -0.0609, -0.0001]
          SVs=['2.291e+01', '1.876e+01', '2.028e+00', '7.496e-02', '7.862e-03', '5.716e-03']
          op_means=[-5.5161, -5.5148, 30.4291, 30.414, 30.4201, 0.686]
  seed=1: v3=(+0.4903, +0.3342, +0.8049)
          null_full=[0.769, 0.6345, 0.0383, 0.0261, 0.0628, 0.0]
          SVs=['2.281e+01', '1.823e+01', '2.075e+00', '7.119e-02', '7.882e-03', '5.847e-03']
          op_means=[-5.5146, -5.514, 30.4126, 30.4057, 30.4078, 0.685]
  seed=2: v3=(+0.4383, +0.3551, +0.8257)
          null_full=[-0.7401, -0.6678, -0.0346, -0.028, -0.0651, 0.0]
          SVs=['2.306e+01', '1.907e+01', '2.074e+00', '7.566e-02', '8.557e-03', '6.000e-03']
          op_means=[-5.5125, -5.5139, 30.3889, 30.4041, 30.395, 0.685]
  mean_v3:                (+0.4788, +0.3469, +0.8065)
  cos to (+1,+1,+2)/sqrt6: +0.9956
  cos to (-1,-1,+2)/sqrt6: +0.3214
  inter-seed cos pairs:    ['+0.9996', '+0.9969', '+0.9982']
  mean inter-seed cos:     +0.9982
  elapsed: 14.5s

========================================================================
  CASE: identical_streams
========================================================================
  seed=0: v3=(+0.7040, -0.7102, +0.0061)
          null_full=[0.0731, -0.0731, 0.7002, -0.7064, 0.0061, -0.0]
          SVs=['8.428e+00', '2.595e+00', '4.029e-02', '4.850e-16', '4.053e-16', '4.155e-17']
          op_means=[1.3917, 1.3917, 1.9381, 1.9381, 1.9381, 3.0361]
  seed=1: v3=(+0.7067, -0.7075, +0.0008)
          null_full=[0.2008, -0.2008, -0.6776, 0.6784, -0.0008, 0.0]
          SVs=['8.166e+00', '2.709e+00', '4.101e-02', '2.567e-16', '7.707e-17', '4.988e-18']
          op_means=[1.3931, 1.3931, 1.942, 1.942, 1.942, 3.0336]
  seed=2: v3=(+0.6987, -0.7153, +0.0166)
          null_full=[0.0657, -0.0657, 0.6956, -0.7122, 0.0165, 0.0]
          SVs=['8.595e+00', '2.806e+00', '4.418e-02', '2.886e-16', '2.558e-16', '4.381e-17']
          op_means=[1.3953, 1.3953, 1.9482, 1.9482, 1.9482, 3.0329]
  mean_v3:                (+0.7032, -0.7110, +0.0078)
  cos to (+1,+1,+2)/sqrt6: +0.0032
  cos to (-1,-1,+2)/sqrt6: +0.0096
  inter-seed cos pairs:    ['+1.0000', '+0.9999', '+0.9998']
  mean inter-seed cos:     +0.9999
  elapsed: 14.2s

========================================================================
  CASE: mixed_marginals
========================================================================
  seed=0: v3=(-0.0010, +0.9985, +0.0556)
          null_full=[0.0197, 0.8064, 0.0006, -0.5902, -0.0329, 0.0]
          SVs=['5.081e+00', '1.949e+00', '5.869e-01', '3.098e-02', '7.295e-03', '1.691e-03']
          op_means=[1.3917, 0.6464, 1.9381, 0.4179, 0.8996, 0.8214]
  seed=1: v3=(-0.0005, +0.9992, +0.0408)
          null_full=[0.0149, 0.8024, 0.0003, -0.5962, -0.0243, 0.0]
          SVs=['4.926e+00', '2.002e+00', '5.967e-01', '3.144e-02', '7.060e-03', '1.590e-03']
          op_means=[1.3931, 0.6461, 1.942, 0.4175, 0.9001, 0.8188]
  seed=2: v3=(+0.0006, +0.9994, +0.0351)
          null_full=[0.0145, 0.8009, -0.0003, -0.5983, -0.021, 0.0]
          SVs=['5.183e+00', '2.079e+00', '5.914e-01', '3.370e-02', '6.918e-03', '1.549e-03']
          op_means=[1.3953, 0.6464, 1.9482, 0.4179, 0.902, 0.8193]
  mean_v3:                (-0.0003, +0.9990, +0.0438)
  cos to (+1,+1,+2)/sqrt6: +0.4435
  cos to (-1,-1,+2)/sqrt6: -0.3719
  inter-seed cos pairs:    ['+0.9999', '+0.9998', '+1.0000']
  mean inter-seed cos:     +0.9999
  elapsed: 14.6s

========================================================================
  CASE: random_walk_indep
========================================================================
  seed=0: v3=(+0.4423, +0.2621, +0.8577)
          null_full=[-0.6945, -0.55, 0.2046, 0.1212, 0.3967, -0.0366]
          SVs=['3.333e+01', '2.690e+01', '4.429e+00', '3.276e+00', '2.835e+00', '2.155e+00']
          op_means=[0.8609, 0.8469, 0.8318, 0.8101, 0.7333, 1.1505]
  seed=1: v3=(+0.4136, +0.3695, +0.8321)
          null_full=[0.6489, 0.6077, -0.1885, -0.1684, -0.3792, 0.0442]
          SVs=['3.246e+01', '2.781e+01', '4.807e+00', '3.347e+00', '2.717e+00', '2.047e+00']
          op_means=[0.8635, 0.8576, 0.8372, 0.8282, 0.7401, 1.1507]
  seed=2: v3=(+0.4080, +0.4373, +0.8014)
          null_full=[0.6269, 0.6435, -0.1792, -0.192, -0.3519, 0.0121]
          SVs=['3.341e+01', '2.781e+01', '4.849e+00', '3.474e+00', '2.617e+00', '2.116e+00']
          op_means=[0.8532, 0.8637, 0.8189, 0.8416, 0.7385, 1.1525]
  mean_v3:                (+0.4226, +0.3573, +0.8329)
  cos to (+1,+1,+2)/sqrt6: +0.9985
  cos to (-1,-1,+2)/sqrt6: +0.3616
  inter-seed cos pairs:    ['+0.9935', '+0.9825', '+0.9972']
  mean inter-seed cos:     +0.9911
  elapsed: 14.5s

  Total runtime: 106.7s
  Results: /home/user/Basic_equations/probe_null_inputs_results.json
