[pysr_symbolic] mode=full cfg={'N_ens': 600, 'T': 30.0, 'dt': 0.02} seeds=[11, 22] niter=40 max_n=600 timeout_s=90

=== seed=11 ===

  physics_duffing         n=600  fit_time=23.1s
    best (sympy): (-x0 + x1)**2*(x0 - 1*(-1.996523))**2 + 0.22940238
    Pareto front (complexity / loss / score / equation):
      c=  1  loss=8.658e-03  score=+0.000  0.2924823
      c=  4  loss=7.850e-03  score=+0.033  exp(x0 - 1.1381413)
      c=  5  loss=7.398e-03  score=+0.059  (x0 * 0.17690668) - -0.31489903
      c=  6  loss=6.358e-03  score=+0.152  square(x1 - x0) + 0.27549502
      c=  7  loss=5.561e-03  score=+0.134  sqrt(square(x1 - x0) + 0.058759417)
      c=  8  loss=3.410e-03  score=+0.489  cube(cube(square(x1 - x0) + 0.85435843))
      c=  9  loss=3.306e-03  score=+0.031  cube(square((x1 - x0) * -1.6652303) + 0.61248267)
      c= 10  loss=2.455e-03  score=+0.298  square((x0 - -1.996523) * (x1 - x0)) + 0.22940238

  biology_lotka           n=600  fit_time=7.3s
    best (sympy): 0.531095141282439*sqrt(exp(x0))
    Pareto front (complexity / loss / score / equation):
      c=  1  loss=1.503e-01  score=+0.000  0.691228
      c=  4  loss=1.076e-01  score=+0.112  exp(x0 + -1.3738214)
      c=  5  loss=4.305e-02  score=+0.916  sqrt(exp(x0 - 1.2656282))
      c=  6  loss=4.036e-02  score=+0.064  cube((x0 * 0.12382783) + 0.84381366)
      c=  7  loss=4.031e-02  score=+0.001  square(square((x0 * 0.09595896) + 0.8784045))
      c=  8  loss=3.975e-02  score=+0.014  square((x0 * 0.23968853) + 0.55064833) - -0.27133217
      c= 10  loss=3.570e-02  score=+0.054  ((x0 * 0.27670395) - square(x1 * -0.31634974)) + 0.784242
      c= 11  loss=3.366e-02  score=+0.059  (0.87499064 - sqrt(square(x1 * 0.2132782))) + (x0 * 0.27799138)

  chemistry_brussel       n=600  fit_time=10.3s
    best (sympy): x0*0.7105541 + 1.0841987
    Pareto front (complexity / loss / score / equation):
      c=  1  loss=4.488e-02  score=+0.000  1.1125153
      c=  2  loss=2.197e-02  score=+0.714  exp(x0)
      c=  3  loss=1.795e-02  score=+0.202  x0 + 1.0726686
      c=  4  loss=1.571e-02  score=+0.133  sqrt(x0 + 1.1950766)
      c=  5  loss=1.259e-02  score=+0.221  (x0 * 0.7105541) + 1.0841987
      c=  6  loss=1.102e-02  score=+0.133  sqrt((x0 + x1) + 0.34812626)
      c=  8  loss=1.087e-02  score=+0.007  sqrt(x1 + ((x0 + 0.32414567) * 1.0916238))
      c=  9  loss=1.024e-02  score=+0.059  sqrt((x1 - square(x0 + -0.42874306)) + 0.61235064)

  geology_bk              n=600  fit_time=9.7s
    best (sympy): x0**12*exp(6*x1) - 1*(-0.18499707)
    Pareto front (complexity / loss / score / equation):
      c=  1  loss=4.468e-04  score=+0.000  0.19899216
      c=  5  loss=4.444e-04  score=+0.001  (x1 * 0.027322976) + 0.27264535
      c=  6  loss=4.443e-04  score=+0.000  (exp(x1) * 0.38802397) - -0.17276165
      c=  7  loss=4.442e-04  score=+0.000  (square(exp(x1)) * 2.777749) - -0.18625234
      c=  8  loss=4.437e-04  score=+0.001  ((exp(x1) * x0) * -0.21104947) - -0.16062781
      c=  9  loss=4.436e-04  score=+0.000  cube(exp(x1) * (x0 / -0.8403756)) - -0.18941021
      c= 10  loss=4.422e-04  score=+0.003  square(cube((x0 * x0) * exp(x1))) - -0.18499707
      c= 11  loss=4.410e-04  score=+0.003  cube(square(square(x0) * (exp(x1) * -0.9381305))) - -0.18941021

=== seed=22 ===

  physics_duffing         n=600  fit_time=7.0s
    best (sympy): 0.5017465/(1.8591118 - (x0 + 13.010231138112*(x0 - x1)**2))
    Pareto front (complexity / loss / score / equation):
      c=  1  loss=1.024e-02  score=+0.000  0.29766634
      c=  4  loss=9.231e-03  score=+0.035  exp(x0) * 0.32465774
      c=  5  loss=8.772e-03  score=+0.051  -0.4527228 / (x0 - 1.4272205)
      c=  6  loss=8.487e-03  score=+0.033  square(x1 - x0) + 0.2804712
      c=  8  loss=8.192e-03  score=+0.018  square(x0 - (x1 * 1.2424327)) + 0.2717901
      c=  9  loss=7.891e-03  score=+0.037  cube((x0 + 0.3584104) / exp(x1)) + 0.2656928
      c= 10  loss=6.942e-03  score=+0.128  0.44840905 / (1.7400922 - square(-3.5180879 * (x0 - x1)))
      c= 11  loss=6.862e-03  score=+0.012  1.0206274 / square(2.0223122 - square((x1 - x0) * -2.9420059))

  biology_lotka           n=600  fit_time=7.8s
    best (sympy): 0.494881024425117*sqrt(exp(x0))
    Pareto front (complexity / loss / score / equation):
      c=  1  loss=1.602e-01  score=+0.000  0.6108736
      c=  4  loss=6.515e-02  score=+0.300  exp(x0) * 0.23960754
      c=  5  loss=2.932e-02  score=+0.798  sqrt(exp(x0 + -1.4068758))
      c=  6  loss=2.868e-02  score=+0.022  cube(0.79454863 - (x0 * -0.14918569))
      c=  7  loss=2.864e-02  score=+0.001  square(square((x0 * 0.11656474) + 0.8389991))
      c=  8  loss=2.792e-02  score=+0.025  square((x0 + 1.904633) * 0.27331072) + 0.2002418
      c=  9  loss=2.787e-02  score=+0.002  (x0 * 0.57379675) + sqrt(exp(-1.3749355 - x0))
      c= 10  loss=2.700e-02  score=+0.032  exp(-2.1948614 - x0) + ((x0 * 0.44582582) - -0.3705283)

  chemistry_brussel       n=600  fit_time=9.4s
    best (sympy): x0*(0.73893964 - x0) + 1.1215769
    Pareto front (complexity / loss / score / equation):
      c=  1  loss=3.668e-02  score=+0.000  1.118687
      c=  2  loss=1.773e-02  score=+0.727  exp(x0)
      c=  3  loss=1.434e-02  score=+0.212  x0 + 1.056807
      c=  5  loss=1.153e-02  score=+0.109  (x0 * 0.7492548) + 1.0723101
      c=  6  loss=1.065e-02  score=+0.079  sqrt(x0 + 0.48953307) + 0.3940069
      c=  7  loss=9.557e-03  score=+0.109  (x0 * (0.73893964 - x0)) + 1.1215769
      c=  8  loss=9.300e-03  score=+0.027  exp((x0 * (0.7131296 - x0)) + 0.10569824)
      c=  9  loss=8.797e-03  score=+0.056  (x0 + 1.1299758) - square(square(x0 + 0.35919645))
