============================================================================================
S9 PySR ADJUDICATION (real PySR) [FULL] seeds=(11, 22)
============================================================================================
INFO-031 claim: EM -> (H_a-H_b)^2 + const ; strong -> exp((H_b-H_a) - const)

EM_sym_1.0/1.0         seed11: best = (0.6536249 - x1**2)**2
      c= 1 loss=3.06e-02  0.32701996
      c= 4 loss=2.62e-02  0.42308393 - square(x1)
      c= 5 loss=2.34e-02  square(0.6536249 - square(x1))
      c= 6 loss=2.32e-02  0.43091434 / cube(exp(square(x1)))
      c= 7 loss=2.29e-02  0.43091434 / exp(square(x1 / 0.53229815))
EM_sym_1.0/1.0         seed22: best = (0.6647086 - x0**2)**2
      c= 1 loss=3.42e-02  0.3348435
      c= 4 loss=3.02e-02  0.44889215 - square(x0)
      c= 5 loss=2.64e-02  square(0.6647086 - square(x0))
      c= 6 loss=2.59e-02  0.4347675 / cube(exp(square(x0)))
      c= 8 loss=2.51e-02  0.537869 / exp(sqrt(square(x0)) * 1.8972858)

EM_asym_1.0/1.2        seed11: best = ((x0 - x1)**2 - 1*(-0.443079))**2
      c= 1 loss=1.99e-02  0.29622203
      c= 5 loss=8.31e-03  sqrt(square(x1 - x0))
      c= 6 loss=2.60e-03  square(x0 - x1) + 0.20288408
      c= 7 loss=1.49e-03  square(square(x0 - x1) - -0.443079)
      c= 9 loss=1.49e-03  square(square((x1 - x0) + -0.0020630069) + 0.4427832)
EM_asym_1.0/1.2        seed22: best = (-0.721707311743224*(x0 - x1)**2 - 0.66266656)**4
      c= 1 loss=2.21e-02  0.30768654
      c= 5 loss=9.86e-03  sqrt(square(x0 - x1))
      c= 6 loss=2.71e-03  square(x1 - x0) + 0.21214871
      c= 7 loss=1.11e-03  cube(square(x1 - x0) + 0.5563782)
      c= 9 loss=8.31e-04  square(square((x1 - x0) / 0.9416705) - -0.4331834)

EM_asym_1.0/1.5        seed11: best = 0.162902832205573*(x0 - x1)**2 + 0.1840691
      c= 1 loss=4.80e-03  0.23522088
      c= 5 loss=3.97e-03  0.9740874 / (x1 + 4.171435)
      c= 6 loss=2.32e-03  exp(-1.4080454 - (x1 * x0))
      c= 8 loss=8.39e-04  square((x0 - x1) * 0.40361223) + 0.1840691
      c= 9 loss=7.68e-04  square((square(x0 - x1) * 0.15846777) + 0.43123028)
EM_asym_1.0/1.5        seed22: best = (x0 - x1)**2*0.17562248 + 0.17571022
      c= 1 loss=5.60e-03  0.23274414
      c= 5 loss=4.42e-03  (x1 * -0.07521205) + 0.2348049
      c= 6 loss=2.58e-03  0.23311062 / exp(x0 * x1)
      c= 7 loss=2.51e-03  square(0.47075748 / exp(x0 * x1))
      c= 8 loss=6.97e-04  (square(x0 - x1) * 0.17562248) + 0.17571022

strong_sym_0.5/0.5     seed11: best = exp(x0**2)*0.22746219
      c= 1 loss=1.70e-03  0.23827422
      c= 5 loss=1.40e-03  exp(square(x0)) * 0.22746219
      c= 6 loss=1.37e-03  square(x0 * 0.58782476) + 0.22231208
      c= 7 loss=1.37e-03  square(square(x0) + 0.089719534) - -0.2170299
      c= 8 loss=1.35e-03  (square(x0 + 0.03274418) * 0.3745169) + 0.22159526
strong_sym_0.5/0.5     seed22: best = x1**4 + 0.24602501
      c= 1 loss=1.98e-03  0.2517047
      c= 5 loss=1.79e-03  square(square(x1)) + 0.24602501
      c= 6 loss=1.78e-03  cube(square(square(x1)) + 0.62556154)
      c= 8 loss=1.77e-03  cube(square(square(-0.021681743 - x1)) + 0.62580967)
      c= 9 loss=1.76e-03  square(square(x1 - (x0 - x1))) + 0.24405763

strong_asym_0.5/0.7    seed11: best = exp(-x0 + x1)*0.24234824
      c= 1 loss=2.91e-03  0.24745783
      c= 5 loss=2.74e-03  1.0921221 / (x0 + 4.4885097)
      c= 6 loss=2.16e-03  exp(x1 - x0) * 0.24234824
      c= 7 loss=2.13e-03  ((x0 - x1) * -0.29774645) + 0.24659453
      c= 8 loss=2.12e-03  exp(((x1 + -1.1915184) - x0) * 1.1799334)
strong_asym_0.5/0.7    seed22: best = x0*(x0 - x1) + 0.24339363
      c= 1 loss=2.43e-03  0.26081
      c= 5 loss=2.26e-03  exp(square(x0)) * 0.24278
      c= 6 loss=2.19e-03  square(x0 - x1) + 0.24728863
      c= 7 loss=1.94e-03  ((x0 - x1) * x0) + 0.24339363
      c= 9 loss=1.72e-03  0.24418828 - ((0.158677 - x0) * (x0 - x1))

strong_asym_0.5/1.5    seed11: best = 0.22147435 - (-0.14464195)*x0
      c= 1 loss=1.30e-03  0.2167477
      c= 4 loss=9.51e-04  exp(x0 + -1.5186248)
      c= 5 loss=7.82e-04  0.22147435 - (x0 * -0.14464195)
      c= 6 loss=7.82e-04  1.2217479 - exp(x0 * -0.14479564)
      c= 8 loss=7.76e-04  exp(x0 * (0.5530925 - x1)) * 0.22070864
strong_asym_0.5/1.5    seed22: best = x0*0.15115047 - 1*(-0.22711399)
      c= 1 loss=1.47e-03  0.22345357
      c= 4 loss=1.06e-03  exp(x0) * 0.22334263
      c= 5 loss=8.53e-04  (x0 * 0.15115047) - -0.22711399
      c= 7 loss=8.34e-04  (exp(x0) * 0.2265862) - cube(x0)
      c= 9 loss=8.32e-04  ((exp(x0) + 0.041761935) * 0.21767303) - cube(x0)

weak_sym_1.0/1.0       seed11: best = 0.30500096 - (-0.06331295)*x0
      c= 1 loss=1.79e-03  0.21159448
      c= 5 loss=1.25e-03  0.30500096 - (x0 * -0.06331295)
      c= 6 loss=1.24e-03  0.15817109 - (exp(x0) * -0.21657023)
      c= 7 loss=1.22e-03  0.18665916 - (x1 * cube(exp(x0)))
      c= 9 loss=1.16e-03  (-0.11223269 - (exp(cube(x0)) * 0.37701893)) * x1
weak_sym_1.0/1.0       seed22: best = x0*0.068365596 + 0.3169676
      c= 1 loss=1.46e-03  0.21526037
      c= 4 loss=1.17e-03  sqrt(-0.06318062 / x0)
      c= 5 loss=8.56e-04  (x0 * 0.068365596) + 0.3169676
      c= 6 loss=8.44e-04  (square(x0) * -0.026813371) - -0.27804583
      c= 8 loss=8.44e-04  log(exp((square(x0) * -0.026813408) - -0.27804592))

gravity_sym_0.8/0.8    seed11: best = 0.37130654 - 0.359950954992482*sqrt(x1**2)
      c= 1 loss=1.14e-02  0.29858384
      c= 4 loss=1.01e-02  0.3196785 - cube(x0)
      c= 5 loss=9.63e-03  square(0.6007314 - square(x0))
      c= 6 loss=9.26e-03  0.3355552 - (square(x1) * 0.57152826)
      c= 7 loss=9.06e-03  cube(0.6993996 - (square(x1) * 0.5230872))
gravity_sym_0.8/0.8    seed22: best = (0.6853559 - x1)*(x0 + 0.5277822)
      c= 1 loss=1.17e-02  0.31445846
      c= 4 loss=1.02e-02  0.33859104 - cube(x1)
      c= 6 loss=9.34e-03  0.35473314 - square(x0 + -0.11051895)
      c= 7 loss=8.78e-03  (x0 + 0.5277822) * (0.6853559 - x1)
      c= 9 loss=8.16e-03  cube((x0 / exp(x0)) - (-0.74095535 + x1))

gravity_asym_0.8/1.0   seed11: best = x0*0.03740521 - 1*(-0.20949878)
      c= 1 loss=8.88e-04  0.21295172
      c= 5 loss=7.35e-04  (x0 * 0.03740521) - -0.20949878
      c= 6 loss=7.11e-04  (cube(x0) * 0.18662547) - -0.20923972
      c= 7 loss=6.85e-04  ((x1 + x0) * 0.029314749) - -0.20885028
      c= 9 loss=6.69e-04  (x0 * 0.037972976) - ((x1 * -0.02220403) - 0.20838925)
gravity_asym_0.8/1.0   seed22: best = (-x0**3 - 0.06788935)**2 + 0.19625464
      c= 1 loss=1.24e-03  0.21303247
      c= 5 loss=9.93e-04  cube(square(x0)) + 0.20429663
      c= 6 loss=9.35e-04  cube(x0 / 1.7269204) + 0.20810705
      c= 7 loss=8.44e-04  square(-0.06788935 - cube(x0)) + 0.19625464
      c= 9 loss=7.66e-04  0.20870681 - ((-0.38270047 + x1) * (x0 * 0.11408677))

Wrote s9_pysr_adjudicate_results.json (143.8s)
