[sigma_scan] base_cfg={'T': 100.0, 'dt': 0.05, 'window_s': 40.0, 'stride_s': 2.0, 'gamma': 0.5, 'n_real': 80, 'mi_bins': 12} sigma_list=[1.0, 0.3, 0.1, 0.03, 0.01] seed=11
  sigma=1.000  elapsed=1.9s  n_windows=2480
    op_means = ['+1.288', '+1.289', '+1.680', '+1.682', '+1.661', '+0.199']
    op_stds  = ['1.407e-01', '1.392e-01', '3.649e-01', '3.624e-01', '2.578e-01', '4.763e-02']
    eigenvalues = ['2.201e-01', '1.504e-01', '1.429e-03', '4.516e-04', '9.096e-05', '5.217e-05']
    bottom-4 eigvals = [1.429e-03, 4.516e-04, 9.096e-05, 5.217e-05]
    cos extract_v1 [2,3,4] to (+,+,+) = +0.9792
  sigma=0.300  elapsed=2.0s  n_windows=2480
    op_means = ['+0.084', '+0.085', '+0.027', '+0.027', '+0.007', '+0.199']
    op_stds  = ['1.407e-01', '1.392e-01', '3.710e-02', '3.690e-02', '2.688e-02', '4.763e-02']
    eigenvalues = ['2.169e-02', '2.013e-02', '1.380e-03', '7.298e-04', '6.263e-04', '3.682e-04']
    bottom-4 eigvals = [1.380e-03, 7.298e-04, 6.263e-04, 3.682e-04]
    cos extract_v1 [2,3,4] to (+,+,+) = +0.7556
  sigma=0.100  elapsed=1.9s  n_windows=2480
    op_means = ['-1.014', '-1.013', '+1.048', '+1.046', '+1.028', '+0.199']
    op_stds  = ['1.407e-01', '1.392e-01', '2.854e-01', '2.807e-01', '2.008e-01', '4.763e-02']
    eigenvalues = ['1.405e-01', '9.953e-02', '1.428e-03', '4.590e-04', '1.361e-04', '8.134e-05']
    bottom-4 eigvals = [1.428e-03, 4.590e-04, 1.361e-04, 8.134e-05]
    cos extract_v1 [2,3,4] to (+,+,+) = +0.9860
  sigma=0.030  elapsed=1.9s  n_windows=2480
    op_means = ['-2.218', '-2.217', '+4.940', '+4.936', '+4.918', '+0.199']
    op_stds  = ['1.407e-01', '1.392e-01', '6.236e-01', '6.152e-01', '4.391e-01', '4.763e-02']
    eigenvalues = ['5.977e-01', '4.023e-01', '1.432e-03', '4.516e-04', '3.375e-05', '1.933e-05']
    bottom-4 eigvals = [1.432e-03, 4.516e-04, 3.375e-05, 1.933e-05]
    cos extract_v1 [2,3,4] to (+,+,+) = +0.9852
  sigma=0.010  elapsed=1.9s  n_windows=2480
    op_means = ['-3.317', '-3.316', '+11.021', '+11.014', '+10.998', '+0.199']
    op_stds  = ['1.407e-01', '1.392e-01', '9.326e-01', '9.209e-01', '6.569e-01', '4.763e-02']
    eigenvalues = ['1.314e+00', '8.758e-01', '1.432e-03', '4.504e-04', '1.552e-05', '8.808e-06']
    bottom-4 eigvals = [1.432e-03, 4.504e-04, 1.552e-05, 8.808e-06]
    cos extract_v1 [2,3,4] to (+,+,+) = +0.9846

  log-log slope: eig_smallest ~ sigma^0.56 (intercept -8.63, i.e. coef e^intercept = 1.78e-04)

  log-log slope: eig_2nd ~ sigma^0.56 (intercept -8.10, i.e. coef e^intercept = 3.04e-04)

  log-log slope: eig_3rd ~ sigma^0.04 (intercept -7.51, i.e. coef e^intercept = 5.48e-04)

  extrapolation to sigma=0.001 (just for context):
    eig_smallest -> 3.709e-06
    eig_2nd -> 6.516e-06
    eig_3rd -> 4.131e-04

[sigma_scan] wrote sigma_scan_results.json elapsed=9.7s
