[sindy] mode=full cfg={'T': 100.0, 'dt': 0.05, 'window_s': 40.0, 'stride_s': 1.0, 'n_real': 500, 'gamma': 0.5, 'sigma': 1.0, 'mi_bins': 12} seeds=[11, 22, 33] libs=['deg2', 'deg3', 'deg3+nonpoly']
  seed=11  lib=deg2 (6 features)  elapsed=19.8s  n_windows=30500
    SV spectrum = ['8.150e+01', '6.724e+01', '6.917e+00', '3.688e+00', '1.715e+00', '1.266e+00']
    null[0] sv=1.266e+00  support_size=5/6  resid_std=7.262e-03
       +0.618*H_a +0.718*H_b -0.105*H_a^2 -0.143*H_b^2 -0.268*H_a*H_b ~ 0
    null[1] sv=1.715e+00  support_size=4/6  resid_std=9.634e-03
       +0.230*H_a +0.904*H_b -0.088*H_a^2 -0.349*H_b^2 ~ 0
    null[2] sv=3.688e+00  support_size=5/6  resid_std=7.262e-03
       +0.618*H_a +0.718*H_b -0.105*H_a^2 -0.143*H_b^2 -0.268*H_a*H_b ~ 0
    null[3] sv=6.917e+00  support_size=3/6  resid_std=3.958e-02
       -0.052*H_a^2 -0.050*H_b^2 +0.997*MI ~ 0
  seed=11  lib=deg3 (10 features)  elapsed=20.3s  n_windows=30500
    SV spectrum = ['1.938e+02', '1.468e+02', '1.241e+01', '6.844e+00', '5.317e+00', '4.507e+00', '6.181e-01', '2.694e-01', '1.559e-01', '9.685e-02']
    null[0] sv=9.685e-02  support_size=8/10  resid_std=5.619e-04
       +0.454*H_a +0.673*H_b -0.111*H_a^2 -0.280*H_b^2 -0.481*H_a*H_b +0.039*H_b^3 +0.085*H_a^2*H_b +0.099*H_a*H_b^2 ~ 0
    null[1] sv=1.559e-01  support_size=8/10  resid_std=5.619e-04
       +0.454*H_a +0.673*H_b -0.111*H_a^2 -0.280*H_b^2 -0.481*H_a*H_b +0.039*H_b^3 +0.085*H_a^2*H_b +0.099*H_a*H_b^2 ~ 0
    null[2] sv=2.694e-01  support_size=8/10  resid_std=5.619e-04
       +0.454*H_a +0.673*H_b -0.111*H_a^2 -0.280*H_b^2 -0.481*H_a*H_b +0.039*H_b^3 +0.085*H_a^2*H_b +0.099*H_a*H_b^2 ~ 0
    null[3] sv=6.181e-01  support_size=3/10  resid_std=9.427e-04
       +0.779*H_b -0.607*H_b^2 +0.156*H_b^3 ~ 0
  seed=11  lib=deg3+nonpoly (12 features)  elapsed=19.9s  n_windows=30500
    SV spectrum = ['1.966e+02', '1.468e+02', '3.399e+01', '1.229e+01', '5.366e+00', '5.069e+00', '1.202e+00', '6.178e-01', '2.923e-01', '1.571e-01', '1.205e-01', '7.251e-03']
    null[0] sv=7.251e-03  support_size=10/12  resid_std=4.158e-05
       -0.451*H_a -0.447*H_b -0.174*H_a^2 -0.177*H_b^2 +0.348*H_a*H_b +0.034*H_a^3 +0.034*H_b^3 -0.034*H_a^2*H_b -0.033*H_a*H_b^2 +0.640*sqrt(H_a^2+H_b^2) ~ 0
    null[1] sv=1.205e-01  support_size=10/12  resid_std=4.158e-05
       -0.451*H_a -0.447*H_b -0.174*H_a^2 -0.177*H_b^2 +0.348*H_a*H_b +0.034*H_a^3 +0.034*H_b^3 -0.034*H_a^2*H_b -0.033*H_a*H_b^2 +0.640*sqrt(H_a^2+H_b^2) ~ 0
    null[2] sv=1.571e-01  support_size=10/12  resid_std=4.158e-05
       -0.451*H_a -0.447*H_b -0.174*H_a^2 -0.177*H_b^2 +0.348*H_a*H_b +0.034*H_a^3 +0.034*H_b^3 -0.034*H_a^2*H_b -0.033*H_a*H_b^2 +0.640*sqrt(H_a^2+H_b^2) ~ 0
    null[3] sv=2.923e-01  support_size=10/12  resid_std=4.158e-05
       -0.451*H_a -0.447*H_b -0.174*H_a^2 -0.177*H_b^2 +0.348*H_a*H_b +0.034*H_a^3 +0.034*H_b^3 -0.034*H_a^2*H_b -0.033*H_a*H_b^2 +0.640*sqrt(H_a^2+H_b^2) ~ 0
  seed=22  lib=deg2 (6 features)  elapsed=20.4s  n_windows=30500
    SV spectrum = ['8.049e+01', '6.915e+01', '6.721e+00', '3.860e+00', '1.667e+00', '1.222e+00']
    null[0] sv=1.222e+00  support_size=5/6  resid_std=7.015e-03
       +0.705*H_a +0.635*H_b -0.143*H_a^2 -0.117*H_b^2 -0.255*H_a*H_b ~ 0
    null[1] sv=1.667e+00  support_size=2/6  resid_std=9.303e-03
       +0.934*H_a -0.356*H_a^2 ~ 0
    null[2] sv=3.860e+00  support_size=5/6  resid_std=7.015e-03
       +0.705*H_a +0.635*H_b -0.143*H_a^2 -0.117*H_b^2 -0.255*H_a*H_b ~ 0
    null[3] sv=6.721e+00  support_size=3/6  resid_std=3.847e-02
       -0.053*H_a^2 -0.052*H_b^2 +0.997*MI ~ 0
  seed=22  lib=deg3 (10 features)  elapsed=22.9s  n_windows=30500
    SV spectrum = ['1.919e+02', '1.513e+02', '1.297e+01', '6.695e+00', '5.173e+00', '4.348e+00', '6.620e-01', '2.566e-01', '1.433e-01', '9.273e-02']
    null[0] sv=9.273e-02  support_size=8/10  resid_std=5.456e-04
       +0.676*H_a +0.454*H_b -0.286*H_a^2 -0.113*H_b^2 -0.473*H_a*H_b +0.041*H_a^3 +0.096*H_a^2*H_b +0.086*H_a*H_b^2 ~ 0
    null[1] sv=1.433e-01  support_size=8/10  resid_std=5.456e-04
       +0.676*H_a +0.454*H_b -0.286*H_a^2 -0.113*H_b^2 -0.473*H_a*H_b +0.041*H_a^3 +0.096*H_a^2*H_b +0.086*H_a*H_b^2 ~ 0
    null[2] sv=2.566e-01  support_size=8/10  resid_std=5.456e-04
       +0.676*H_a +0.454*H_b -0.286*H_a^2 -0.113*H_b^2 -0.473*H_a*H_b +0.041*H_a^3 +0.096*H_a^2*H_b +0.086*H_a*H_b^2 ~ 0
    null[3] sv=6.620e-01  support_size=4/10  resid_std=3.813e-03
       +0.216*H_a^3 -0.222*H_b^3 -0.669*H_a^2*H_b +0.675*H_a*H_b^2 ~ 0
  seed=22  lib=deg3+nonpoly (12 features)  elapsed=22.9s  n_windows=30500
    SV spectrum = ['1.948e+02', '1.513e+02', '3.304e+01', '1.292e+01', '5.198e+00', '4.926e+00', '1.253e+00', '6.620e-01', '2.809e-01', '1.443e-01', '1.152e-01', '6.980e-03']
    null[0] sv=6.980e-03  support_size=10/12  resid_std=4.001e-05
       -0.453*H_a -0.449*H_b -0.172*H_a^2 -0.175*H_b^2 +0.349*H_a*H_b +0.033*H_a^3 +0.034*H_b^3 -0.034*H_a^2*H_b -0.034*H_a*H_b^2 +0.638*sqrt(H_a^2+H_b^2) ~ 0
    null[1] sv=1.152e-01  support_size=10/12  resid_std=4.001e-05
       -0.453*H_a -0.449*H_b -0.172*H_a^2 -0.175*H_b^2 +0.349*H_a*H_b +0.033*H_a^3 +0.034*H_b^3 -0.034*H_a^2*H_b -0.034*H_a*H_b^2 +0.638*sqrt(H_a^2+H_b^2) ~ 0
    null[2] sv=1.443e-01  support_size=10/12  resid_std=4.001e-05
       -0.453*H_a -0.449*H_b -0.172*H_a^2 -0.175*H_b^2 +0.349*H_a*H_b +0.033*H_a^3 +0.034*H_b^3 -0.034*H_a^2*H_b -0.034*H_a*H_b^2 +0.638*sqrt(H_a^2+H_b^2) ~ 0
    null[3] sv=2.809e-01  support_size=10/12  resid_std=4.001e-05
       -0.453*H_a -0.449*H_b -0.172*H_a^2 -0.175*H_b^2 +0.349*H_a*H_b +0.033*H_a^3 +0.034*H_b^3 -0.034*H_a^2*H_b -0.034*H_a*H_b^2 +0.638*sqrt(H_a^2+H_b^2) ~ 0
  seed=33  lib=deg2 (6 features)  elapsed=22.9s  n_windows=30500
    SV spectrum = ['8.092e+01', '6.717e+01', '6.810e+00', '3.851e+00', '1.660e+00', '1.182e+00']
    null[0] sv=1.182e+00  support_size=5/6  resid_std=6.786e-03
       +0.656*H_a +0.685*H_b -0.123*H_a^2 -0.133*H_b^2 -0.261*H_a*H_b ~ 0
    null[1] sv=1.660e+00  support_size=2/6  resid_std=9.324e-03
       +0.934*H_b -0.358*H_b^2 ~ 0
    null[2] sv=3.851e+00  support_size=5/6  resid_std=6.786e-03
       +0.656*H_a +0.685*H_b -0.123*H_a^2 -0.133*H_b^2 -0.261*H_a*H_b ~ 0
    null[3] sv=6.810e+00  support_size=3/6  resid_std=3.898e-02
       -0.050*H_a^2 -0.052*H_b^2 +0.997*MI ~ 0
  seed=33  lib=deg3 (10 features)  elapsed=22.8s  n_windows=30500
    SV spectrum = ['1.925e+02', '1.468e+02', '1.290e+01', '6.780e+00', '5.118e+00', '4.191e+00', '6.986e-01', '2.638e-01', '1.393e-01', '8.701e-02']
    null[0] sv=8.701e-02  support_size=8/10  resid_std=5.116e-04
       +0.437*H_a +0.687*H_b -0.103*H_a^2 -0.295*H_b^2 -0.470*H_a*H_b +0.042*H_b^3 +0.079*H_a^2*H_b +0.102*H_a*H_b^2 ~ 0
    null[1] sv=1.393e-01  support_size=8/10  resid_std=5.116e-04
       +0.437*H_a +0.687*H_b -0.103*H_a^2 -0.295*H_b^2 -0.470*H_a*H_b +0.042*H_b^3 +0.079*H_a^2*H_b +0.102*H_a*H_b^2 ~ 0
    null[2] sv=2.638e-01  support_size=8/10  resid_std=5.116e-04
       +0.437*H_a +0.687*H_b -0.103*H_a^2 -0.295*H_b^2 -0.470*H_a*H_b +0.042*H_b^3 +0.079*H_a^2*H_b +0.102*H_a*H_b^2 ~ 0
    null[3] sv=6.986e-01  support_size=4/10  resid_std=4.033e-03
       -0.221*H_a^3 +0.217*H_b^3 +0.675*H_a^2*H_b -0.670*H_a*H_b^2 ~ 0
  seed=33  lib=deg3+nonpoly (12 features)  elapsed=22.8s  n_windows=30500
    SV spectrum = ['1.953e+02', '1.469e+02', '3.335e+01', '1.284e+01', '5.119e+00', '4.762e+00', '1.198e+00', '6.980e-01', '2.878e-01', '1.400e-01', '1.080e-01', '6.914e-03']
    null[0] sv=6.914e-03  support_size=10/12  resid_std=3.961e-05
       -0.445*H_a -0.452*H_b -0.179*H_a^2 -0.173*H_b^2 +0.346*H_a*H_b +0.034*H_a^3 +0.033*H_b^3 -0.033*H_a^2*H_b -0.034*H_a*H_b^2 +0.642*sqrt(H_a^2+H_b^2) ~ 0
    null[1] sv=1.080e-01  support_size=10/12  resid_std=3.961e-05
       -0.445*H_a -0.452*H_b -0.179*H_a^2 -0.173*H_b^2 +0.346*H_a*H_b +0.034*H_a^3 +0.033*H_b^3 -0.033*H_a^2*H_b -0.034*H_a*H_b^2 +0.642*sqrt(H_a^2+H_b^2) ~ 0
    null[2] sv=1.400e-01  support_size=10/12  resid_std=3.961e-05
       -0.445*H_a -0.452*H_b -0.179*H_a^2 -0.173*H_b^2 +0.346*H_a*H_b +0.034*H_a^3 +0.033*H_b^3 -0.033*H_a^2*H_b -0.034*H_a*H_b^2 +0.642*sqrt(H_a^2+H_b^2) ~ 0
    null[3] sv=2.878e-01  support_size=10/12  resid_std=3.961e-05
       -0.445*H_a -0.452*H_b -0.179*H_a^2 -0.173*H_b^2 +0.346*H_a*H_b +0.034*H_a^3 +0.033*H_b^3 -0.033*H_a^2*H_b -0.034*H_a*H_b^2 +0.642*sqrt(H_a^2+H_b^2) ~ 0
[sindy] wrote sindy_symbolic_results.json elapsed=194.7s
